<html>
<body>
<pre>
<h1>µVision Build Log</h1>
<h2>Tool Versions:</h2>
IDE-Version: µVision V5.24.2.0
Copyright (C) 2017 ARM Ltd and ARM Germany GmbH. All rights reserved.
License Information: Sebastien Schiesser, ZHdK, LIC=----
 
Tool Versions:
Toolchain:       MDK-Lite  Version: 5.24.1
Toolchain Path:  C:\Keil_v5\ARM\ARMCC\Bin
C Compiler:      Armcc.exe V5.06 update 5 (build 528)
Assembler:       Armasm.exe V5.06 update 5 (build 528)
Linker/Locator:  ArmLink.exe V5.06 update 5 (build 528)
Library Manager: ArmAr.exe V5.06 update 5 (build 528)
Hex Converter:   FromElf.exe V5.06 update 5 (build 528)
CPU DLL:         
Dialog DLL:      
Target DLL:      Segger\JL2CM3.dll V2.99.26.0
Dialog DLL:      TCM.DLL V1.32.0.0
 
<h2>Project:</h2>
C:\_code\uV\nRF5_SDK_14.2.0\projects\SoundingSoil\soundingsoil_1\pca10040\blank\arm5_no_packs\spi_pca10040.uvprojx
Project File Date:  03/15/2018

<h2>Output:</h2>
*** Using Compiler 'V5.06 update 5 (build 528)', folder: 'C:\Keil_v5\ARM\ARMCC\Bin'
Build target 'nrf52832_xxaa'
compiling boards.c...
compiling bsp.c...
compiling main.c...
..\..\..\main.c(67): warning:  #177-D: variable "m_tx_buf"  was declared but never referenced
  static uint8_t			m_tx_buf[2] = {0xFF, 0xFF};	/**< Dummy TX value to push the 2 ADC bytes. */
..\..\..\main.c(68): warning:  #177-D: variable "m_rx_buf"  was declared but never referenced
  static uint8_t			m_rx_buf[2];
..\..\..\main.c(69): warning:  #177-D: variable "m_adc_buffer"  was declared but never referenced
  static uint8_t			m_adc_buffer[ADC_BUFFER_NUMBER][ADC_CHUNK_SIZE];
..\..\..\main.c(70): warning:  #177-D: variable "m_adc_len"  was declared but never referenced
  static const uint8_t	m_adc_len = 2;
..\..\..\main.c(71): warning:  #177-D: variable "m_adc_sample_cnt"  was declared but never referenced
  static uint16_t			m_adc_sample_cnt = 0;
..\..\..\main.c(72): warning:  #177-D: variable "m_adc_buffer_cnt"  was declared but never referenced
  static uint8_t			m_adc_buffer_cnt = 0;
..\..\..\main.c(73): warning:  #177-D: variable "m_adc_total_samples"  was declared but never referenced
  static uint32_t			m_adc_total_samples = 0;
..\..\..\main.c(116): warning:  #177-D: function "audio_sync_init"  was declared but never referenced
  static void audio_sync_init(void)
..\..\..\main.c: 8 warnings, 0 errors
compiling bsp_nfc.c...
compiling nrf_drv_common.c...
compiling nrf_drv_gpiote.c...
compiling nrf_drv_spi.c...
compiling nrf_drv_uart.c...
compiling nrf_drv_timer.c...
compiling nrf_drv_clock.c...
compiling app_error.c...
compiling app_button.c...
compiling app_error_weak.c...
compiling app_fifo.c...
compiling app_sdcard.c...
compiling app_scheduler.c...
compiling app_timer.c...
compiling app_util_platform.c...
compiling nrf_assert.c...
compiling nrf_block_dev_sdc.c...
compiling nrf_balloc.c...
compiling nrf_fprintf.c...
compiling nrf_fprintf_format.c...
compiling nrf_memobj.c...
compiling nrf_strerror.c...
compiling hardfault_implementation.c...
compiling nrf_atfifo.c...
compiling nrf_pwr_mgmt.c...
compiling nrf_log_backend_rtt.c...
compiling nrf_log_backend_serial.c...
compiling nrf_log_default_backends.c...
compiling nrf_log_backend_uart.c...
compiling nrf_log_frontend.c...
compiling SEGGER_RTT.c...
compiling nrf_log_str_formatter.c...
compiling SEGGER_RTT_Syscalls_KEIL.c...
compiling SEGGER_RTT_printf.c...
compiling ble_srv_common.c...
compiling ble_conn_state.c...
compiling ble_advdata.c...
compiling nrf_ble_gatt.c...
compiling ble_conn_params.c...
compiling diskio_blkdev.c...
compiling ble_lbs.c...
linking...
Program Size: Code=26460 RO-data=2364 RW-data=256 ZI-data=14152  
FromELF: creating hex file...
".\_build\nrf52832_xxaa.axf" - 0 Error(s), 8 Warning(s).

<h2>Software Packages used:</h2>

Package Vendor: ARM
                http://www.keil.com/pack/ARM.CMSIS.4.5.0.pack
                ARM.CMSIS.4.5.0
                CMSIS (Cortex Microcontroller Software Interface Standard)
   * Component: CORE Version: 4.3.0

Package Vendor: NordicSemiconductor
                http://developer.nordicsemi.com/nRF5_SDK/pieces/nRF_DeviceFamilyPack/NordicSemiconductor.nRF_DeviceFamilyPack.8.15.0.pack
                NordicSemiconductor.nRF_DeviceFamilyPack.8.15.0
                Nordic Semiconductor nRF ARM devices Device Family Pack.
   * Component: Startup Version: 8.15.0

<h2>Collection of Component include folders:</h2>
  .\RTE\_nrf52832_xxaa
  C:\Keil_v5\ARM\PACK\ARM\CMSIS\4.5.0\CMSIS\Include
  C:\Keil_v5\ARM\PACK\NordicSemiconductor\nRF_DeviceFamilyPack\8.15.0\Device\Include

<h2>Collection of Component Files used:</h2>

   * Component: NordicSemiconductor::Device:Startup:8.15.0
      Source file:   Device\Source\system_nrf52.c
      Include file:  Device\Include\system_nrf52.h
      Source file:   Device\Source\arm\arm_startup_nrf52.s

   * Component: ARM::CMSIS:CORE:4.3.0
Build Time Elapsed:  00:00:25
</pre>
</body>
</html>
