<html>
<body>
<pre>
<h1>µVision Build Log</h1>
<h2>Tool Versions:</h2>
IDE-Version: µVision V5.24.2.0
Copyright (C) 2017 ARM Ltd and ARM Germany GmbH. All rights reserved.
License Information: Sebastien Schiesser, ZHdK, LIC=3UUFV-PYEUV-D9NG7-C6757-21WVS-ZDPY5
 
Tool Versions:
Toolchain:       MDK-ARM Professional  Version: 5.24.1
Toolchain Path:  C:\Keil_v5\ARM\ARMCC\Bin
C Compiler:      Armcc.exe V5.06 update 5 (build 528)
Assembler:       Armasm.exe V5.06 update 5 (build 528)
Linker/Locator:  ArmLink.exe V5.06 update 5 (build 528)
Library Manager: ArmAr.exe V5.06 update 5 (build 528)
Hex Converter:   FromElf.exe V5.06 update 5 (build 528)
CPU DLL:         
Dialog DLL:      
Target DLL:      Segger\JL2CM3.dll V2.99.26.0
Dialog DLL:      TCM.DLL V1.32.0.0
 
<h2>Project:</h2>
C:\_code\uV\nRF5_SDK_14.2.0\projects\SoundingSoil\fatfs_with_sd\pca10040\blank\arm5_no_packs\fatfs_pca10040.uvprojx
Project File Date:  04/12/2018

<h2>Output:</h2>
*** Using Compiler 'V5.06 update 5 (build 528)', folder: 'C:\Keil_v5\ARM\ARMCC\Bin'
Build target 'nrf52832_xxaa'
compiling main.c...
..\..\..\main.c(414): warning:  #550-D: variable "ret"  was set but never used
  	ret_code_t ret; // Return value of the nrf_serial_read function
..\..\..\main.c(1300): warning:  #940-D: missing return statement at end of non-void function "gps_get_tag" 
  }
..\..\..\main.c(67): warning:  #177-D: variable "sdc_block_cnt"  was declared but never referenced
  static uint8_t							sdc_block_cnt = 0;
..\..\..\main.c(167): warning:  #177-D: variable "gps_tag_ok"  was declared but never referenced
  static bool gps_tag_ok = false;
..\..\..\main.c(187): warning:  #177-D: variable "ui_sdc_init_cnt"  was declared but never referenced
  static uint8_t							ui_sdc_init_cnt = 0;
..\..\..\main.c(836): warning:  #177-D: function "lfclk_init"  was declared but never referenced
  static void lfclk_init(void)
..\..\..\main.c(1144): warning:  #177-D: function "gap_params_init"  was declared but never referenced
  static void gap_params_init(void)
..\..\..\main.c(1170): warning:  #177-D: function "gatt_init"  was declared but never referenced
  static void gatt_init(void)
..\..\..\main.c(1177): warning:  #177-D: function "services_init"  was declared but never referenced
  static void services_init(void)
..\..\..\main.c(1188): warning:  #177-D: function "conn_params_init"  was declared but never referenced
  static void conn_params_init(void)
..\..\..\main.c(1208): warning:  #177-D: function "advertising_init"  was declared but never referenced
  static void advertising_init(void)
..\..\..\main.c(1236): warning:  #177-D: function "advertising_start"  was declared but never referenced
  static void advertising_start(void)
..\..\..\main.c(1255): warning:  #177-D: function "sdc_fill_queue"  was declared but never referenced
  static void sdc_fill_queue(void)
..\..\..\main.c: 13 warnings, 0 errors
linking...
Program Size: Code=37104 RO-data=3316 RW-data=420 ZI-data=31452  
FromELF: creating hex file...
".\_build\nrf52832_xxaa.axf" - 0 Error(s), 13 Warning(s).

<h2>Software Packages used:</h2>

Package Vendor: ARM
                http://www.keil.com/pack/ARM.CMSIS.4.5.0.pack
                ARM.CMSIS.4.5.0
                CMSIS (Cortex Microcontroller Software Interface Standard)
   * Component: CORE Version: 4.3.0

Package Vendor: NordicSemiconductor
                http://developer.nordicsemi.com/nRF5_SDK/pieces/nRF_DeviceFamilyPack/NordicSemiconductor.nRF_DeviceFamilyPack.8.15.0.pack
                NordicSemiconductor.nRF_DeviceFamilyPack.8.15.0
                Nordic Semiconductor nRF ARM devices Device Family Pack.
   * Component: Startup Version: 8.15.0

<h2>Collection of Component include folders:</h2>
  .\RTE\_nrf52832_xxaa
  C:\Keil_v5\ARM\PACK\ARM\CMSIS\4.5.0\CMSIS\Include
  C:\Keil_v5\ARM\PACK\NordicSemiconductor\nRF_DeviceFamilyPack\8.15.0\Device\Include

<h2>Collection of Component Files used:</h2>

   * Component: NordicSemiconductor::Device:Startup:8.15.0
      Include file:  Device\Include\system_nrf52.h
      Source file:   Device\Source\arm\arm_startup_nrf52.s
      Source file:   Device\Source\system_nrf52.c

   * Component: ARM::CMSIS:CORE:4.3.0
Build Time Elapsed:  00:00:02
</pre>
</body>
</html>
