<html>
<body>
<pre>
<h1>µVision Build Log</h1>
<h2>Tool Versions:</h2>
IDE-Version: µVision V5.24.2.0
Copyright (C) 2017 ARM Ltd and ARM Germany GmbH. All rights reserved.
License Information: Sebastien Schiesser, ZHdK, LIC=----
 
Tool Versions:
Toolchain:       MDK-Lite  Version: 5.24.1
Toolchain Path:  C:\Keil_v5\ARM\ARMCC\Bin
C Compiler:      Armcc.exe V5.06 update 5 (build 528)
Assembler:       Armasm.exe V5.06 update 5 (build 528)
Linker/Locator:  ArmLink.exe V5.06 update 5 (build 528)
Library Manager: ArmAr.exe V5.06 update 5 (build 528)
Hex Converter:   FromElf.exe V5.06 update 5 (build 528)
CPU DLL:         
Dialog DLL:      
Target DLL:      Segger\JL2CM3.dll V2.99.26.0
Dialog DLL:      TCM.DLL V1.32.0.0
 
<h2>Project:</h2>
C:\_code\uV\nRF5_SDK_14.2.0\projects\SoundingSoil\fatfs_with_sd\pca10040\blank\arm5_no_packs\fatfs_pca10040.uvprojx
Project File Date:  03/16/2018

<h2>Output:</h2>
*** Using Compiler 'V5.06 update 5 (build 528)', folder: 'C:\Keil_v5\ARM\ARMCC\Bin'
Build target 'nrf52832_xxaa'
compiling diskio_blkdev.c...
compiling boards.c...
compiling main.c...
compiling ff.c...
compiling nrf_drv_common.c...
compiling nrf_drv_uart.c...
compiling nrf_drv_spi.c...
compiling nrf_drv_gpiote.c...
compiling app_error.c...
compiling app_error_weak.c...
compiling app_fifo.c...
compiling app_sdcard.c...
compiling app_uart_fifo.c...
compiling nrf_assert.c...
compiling app_util_platform.c...
compiling nrf_balloc.c...
compiling nrf_fprintf.c...
compiling nrf_block_dev_sdc.c...
compiling nrf_fprintf_format.c...
compiling nrf_strerror.c...
compiling nrf_memobj.c...
compiling app_button.c...
compiling sdk_mapped_flags.c...
compiling nrf_log_backend_rtt.c...
compiling nrf_log_backend_serial.c...
compiling nrf_log_default_backends.c...
compiling nrf_log_backend_uart.c...
compiling nrf_log_str_formatter.c...
compiling SEGGER_RTT.c...
compiling nrf_log_frontend.c...
compiling SEGGER_RTT_Syscalls_KEIL.c...
compiling ble_advdata.c...
compiling ble_conn_params.c...
compiling SEGGER_RTT_printf.c...
compiling ble_conn_state.c...
compiling nrf_ble_gatt.c...
compiling ble_srv_common.c...
compiling ble_lbs.c...
compiling system_nrf52.c...
linking...
Program Size: Code=25096 RO-data=2344 RW-data=208 ZI-data=13824  
FromELF: creating hex file...
".\_build\nrf52832_xxaa.axf" - 0 Error(s), 0 Warning(s).

<h2>Software Packages used:</h2>

Package Vendor: ARM
                http://www.keil.com/pack/ARM.CMSIS.4.5.0.pack
                ARM.CMSIS.4.5.0
                CMSIS (Cortex Microcontroller Software Interface Standard)
   * Component: CORE Version: 4.3.0

Package Vendor: NordicSemiconductor
                http://developer.nordicsemi.com/nRF5_SDK/pieces/nRF_DeviceFamilyPack/NordicSemiconductor.nRF_DeviceFamilyPack.8.15.0.pack
                NordicSemiconductor.nRF_DeviceFamilyPack.8.15.0
                Nordic Semiconductor nRF ARM devices Device Family Pack.
   * Component: Startup Version: 8.15.0

<h2>Collection of Component include folders:</h2>
  .\RTE\_nrf52832_xxaa
  C:\Keil_v5\ARM\PACK\ARM\CMSIS\4.5.0\CMSIS\Include
  C:\Keil_v5\ARM\PACK\NordicSemiconductor\nRF_DeviceFamilyPack\8.15.0\Device\Include

<h2>Collection of Component Files used:</h2>

   * Component: NordicSemiconductor::Device:Startup:8.15.0
      Source file:   Device\Source\arm\arm_startup_nrf52.s
      Include file:  Device\Include\system_nrf52.h
      Source file:   Device\Source\system_nrf52.c

   * Component: ARM::CMSIS:CORE:4.3.0
Build Time Elapsed:  00:00:20
</pre>
</body>
</html>
