<html>
<body>
<pre>
<h1>µVision Build Log</h1>
<h2>Tool Versions:</h2>
IDE-Version: µVision V5.24.2.0
Copyright (C) 2017 ARM Ltd and ARM Germany GmbH. All rights reserved.
License Information: Sebastien Schiesser, ZHdK, LIC=3UUFV-PYEUV-D9NG7-C6757-21WVS-ZDPY5
 
Tool Versions:
Toolchain:       MDK-ARM Professional  Version: 5.24.1
Toolchain Path:  C:\Keil_v5\ARM\ARMCC\Bin
C Compiler:      Armcc.exe V5.06 update 5 (build 528)
Assembler:       Armasm.exe V5.06 update 5 (build 528)
Linker/Locator:  ArmLink.exe V5.06 update 5 (build 528)
Library Manager: ArmAr.exe V5.06 update 5 (build 528)
Hex Converter:   FromElf.exe V5.06 update 5 (build 528)
CPU DLL:         
Dialog DLL:      
Target DLL:      Segger\JL2CM3.dll V2.99.26.0
Dialog DLL:      TCM.DLL V1.32.0.0
 
<h2>Project:</h2>
C:\_code\uV\nRF5_SDK_14.2.0\projects\SoundingSoil\fatfs_with_sd\pca10040\blank\arm5_no_packs\fatfs_pca10040.uvprojx
Project File Date:  04/29/2018

<h2>Output:</h2>
*** Using Compiler 'V5.06 update 5 (build 528)', folder: 'C:\Keil_v5\ARM\ARMCC\Bin'
Build target 'nrf52832_xxaa'
compiling main.c...
..\..\..\main.c(192): warning:  #188-D: enumerated type mixed with another type
  		&ADC_SYNC_TIMER, NRF_TIMER_CC_CHANNEL0, time_ticks, 
IMER_SHORTS_COMPARE0_CLEAR_Msk, 
rue);
..\..\..\main.c(420): warning:  #177-D: variable "p_fifo"  was declared but never referenced
  	static app_fifo_t * p_fifo = &m_adc2sd_fifo;
..\..\..\main.c: 2 warnings, 0 errors
linking...
Program Size: Code=21284 RO-data=2184 RW-data=220 ZI-data=52836  
FromELF: creating hex file...
".\_build\nrf52832_xxaa.axf" - 0 Error(s), 2 Warning(s).

<h2>Software Packages used:</h2>

Package Vendor: ARM
                http://www.keil.com/pack/ARM.CMSIS.4.5.0.pack
                ARM.CMSIS.4.5.0
                CMSIS (Cortex Microcontroller Software Interface Standard)
   * Component: CORE Version: 4.3.0

Package Vendor: NordicSemiconductor
                http://developer.nordicsemi.com/nRF5_SDK/pieces/nRF_DeviceFamilyPack/NordicSemiconductor.nRF_DeviceFamilyPack.8.15.0.pack
                NordicSemiconductor.nRF_DeviceFamilyPack.8.15.0
                Nordic Semiconductor nRF ARM devices Device Family Pack.
   * Component: Startup Version: 8.15.0

<h2>Collection of Component include folders:</h2>
  .\RTE\_nrf52832_xxaa
  C:\Keil_v5\ARM\PACK\ARM\CMSIS\4.5.0\CMSIS\Include
  C:\Keil_v5\ARM\PACK\NordicSemiconductor\nRF_DeviceFamilyPack\8.15.0\Device\Include

<h2>Collection of Component Files used:</h2>

   * Component: NordicSemiconductor::Device:Startup:8.15.0
      Source file:   Device\Source\system_nrf52.c
      Include file:  Device\Include\system_nrf52.h
      Source file:   Device\Source\arm\arm_startup_nrf52.s

   * Component: ARM::CMSIS:CORE:4.3.0
Build Time Elapsed:  00:00:01
</pre>
</body>
</html>
