<html>
<body>
<pre>
<h1>µVision Build Log</h1>
<h2>Tool Versions:</h2>
IDE-Version: µVision V5.24.2.0
Copyright (C) 2017 ARM Ltd and ARM Germany GmbH. All rights reserved.
License Information: Sebastien Schiesser, ZHdK, LIC=3UUFV-PYEUV-D9NG7-C6757-21WVS-ZDPY5
 
Tool Versions:
Toolchain:       MDK-ARM Professional  Version: 5.24.1
Toolchain Path:  C:\Keil_v5\ARM\ARMCC\Bin
C Compiler:      Armcc.exe V5.06 update 5 (build 528)
Assembler:       Armasm.exe V5.06 update 5 (build 528)
Linker/Locator:  ArmLink.exe V5.06 update 5 (build 528)
Library Manager: ArmAr.exe V5.06 update 5 (build 528)
Hex Converter:   FromElf.exe V5.06 update 5 (build 528)
CPU DLL:         
Dialog DLL:      
Target DLL:      Segger\JL2CM3.dll V2.99.26.0
Dialog DLL:      TCM.DLL V1.32.0.0
 
<h2>Project:</h2>
C:\_code\uV\nRF5_SDK_14.2.0\projects\SoundingSoil\fatfs_with_sd\pca10040\blank\arm5_no_packs\fatfs_pca10040.uvprojx
Project File Date:  04/29/2018

<h2>Output:</h2>
*** Using Compiler 'V5.06 update 5 (build 528)', folder: 'C:\Keil_v5\ARM\ARMCC\Bin'
Build target 'nrf52832_xxaa'
compiling main.c...
..\..\..\main.c(845): warning:  #188-D: enumerated type mixed with another type
  		return (uint32_t)res;
..\..\..\main.c(76): warning:  #177-D: variable "sdc_foldername"  was declared but never referenced
  static TCHAR							sdc_foldername[13] = "180424";
..\..\..\main.c(77): warning:  #177-D: variable "sdc_folderpath"  was declared but never referenced
  static TCHAR							sdc_folderpath[14] = "/180424";
..\..\..\main.c(78): warning:  #177-D: variable "sdc_filename"  was declared but never referenced
  static TCHAR							sdc_filename[12] = "R123456.wav";
..\..\..\main.c(79): warning:  #177-D: variable "sdc_fs"  was declared but never referenced
  static FATFS 							sdc_fs;
..\..\..\main.c(80): warning:  #177-D: variable "sdc_dir"  was declared but never referenced
  static DIR 								sdc_dir;
..\..\..\main.c(81): warning:  #177-D: variable "sdc_fno"  was declared but never referenced
  static FILINFO 							sdc_fno;
..\..\..\main.c(82): warning:  #177-D: variable "sdc_file"  was declared but never referenced
  static FIL 								sdc_file;
..\..\..\main.c(98): warning:  #177-D: variable "adc_spi_txbuf"  was declared but never referenced
  static uint8_t							adc_spi_txbuf[2] = {0xFF, 0xFF};
..\..\..\main.c(99): warning:  #177-D: variable "adc_spi_rxbuf"  was declared but never referenced
  static uint8_t							adc_spi_rxbuf[2];
..\..\..\main.c(100): warning:  #177-D: variable "adc_spi_len"  was declared but never referenced
  static const uint8_t					adc_spi_len = 2;
..\..\..\main.c(114): warning:  #177-D: variable "m_gps_uart_config"  was declared but never referenced
  NRF_SERIAL_DRV_UART_CONFIG_DEF(m_gps_uart_config,
..\..\..\main.c(120): warning:  #177-D: variable "gps_config"  was declared but never referenced
  NRF_SERIAL_CONFIG_DEF(gps_config,
..\..\..\main.c(124): warning:  #177-D: variable "gps_uart"  was declared but never referenced
  NRF_SERIAL_UART_DEF(gps_uart, GPS_UART_INSTANCE);
..\..\..\main.c(126): warning:  #177-D: variable "gps_uart_timer"  was declared but never referenced
  APP_TIMER_DEF(gps_uart_timer);
..\..\..\main.c(136): warning:  #177-D: variable "led_blink_timer"  was declared but never referenced
  APP_TIMER_DEF(led_blink_timer);
..\..\..\main.c: 16 warnings, 0 errors
linking...
Program Size: Code=42296 RO-data=2988 RW-data=452 ZI-data=54684  
FromELF: creating hex file...
".\_build\nrf52832_xxaa.axf" - 0 Error(s), 16 Warning(s).

<h2>Software Packages used:</h2>

Package Vendor: ARM
                http://www.keil.com/pack/ARM.CMSIS.4.5.0.pack
                ARM.CMSIS.4.5.0
                CMSIS (Cortex Microcontroller Software Interface Standard)
   * Component: CORE Version: 4.3.0

Package Vendor: NordicSemiconductor
                http://developer.nordicsemi.com/nRF5_SDK/pieces/nRF_DeviceFamilyPack/NordicSemiconductor.nRF_DeviceFamilyPack.8.15.0.pack
                NordicSemiconductor.nRF_DeviceFamilyPack.8.15.0
                Nordic Semiconductor nRF ARM devices Device Family Pack.
   * Component: Startup Version: 8.15.0

<h2>Collection of Component include folders:</h2>
  .\RTE\_nrf52832_xxaa
  C:\Keil_v5\ARM\PACK\ARM\CMSIS\4.5.0\CMSIS\Include
  C:\Keil_v5\ARM\PACK\NordicSemiconductor\nRF_DeviceFamilyPack\8.15.0\Device\Include

<h2>Collection of Component Files used:</h2>

   * Component: NordicSemiconductor::Device:Startup:8.15.0
      Source file:   Device\Source\arm\arm_startup_nrf52.s
      Include file:  Device\Include\system_nrf52.h
      Source file:   Device\Source\system_nrf52.c

   * Component: ARM::CMSIS:CORE:4.3.0
Build Time Elapsed:  00:00:03
</pre>
</body>
</html>
